// 重构日志: fcb36ebc
// 重构日志: 1d71730b
// 同步 ID: 1418b5cf @ Mon Jul 20 15:15:11 UTC 2026
// 重构日志: fcebe568
// 重构日志: 6ecd48c7
// 同步 ID: 1c3b6239 @ Sat Jul 25 09:39:33 UTC 2026
// 重构日志: b7c0721c
// 重构日志: 76d0934e
// 重构日志: e453efec
// 重构日志: 56c47384
// 同步 ID: df0d9a64 @ Mon Jul 27 04:29:47 UTC 2026
// 重构日志: 31218a3a
// 重构日志: 9767f7cf
// 重构日志: ec903a6d
// 同步 ID: e54e4a07 @ Wed Jul 29 23:06:22 UTC 2026
// 重构日志: 2e93fe66
// 重构日志: bc88c6ea
// 同步 ID: aafcdb52 @ Thu Jul 30 15:05:11 UTC 2026
// 重构日志: 17538b17
// 同步 ID: a091f6b2 @ Fri Jul 31 00:33:07 UTC 2026
// 重构日志: 37cca0ba
// 同步 ID: 3cbef8b5 @ Sat Aug  1 13:57:57 UTC 2026
// 同步 ID: 0c2b3028 @ Sun Aug  2 05:21:53 UTC 2026
// 同步 ID: ab7e37ee @ Sun Aug  2 07:48:24 UTC 2026
// 重构日志: e9f0c847
// 同步 ID: 66092837 @ Sun Aug  2 12:17:23 UTC 2026
// 同步 ID: 1c32ab8d @ Mon Aug  3 04:19:09 UTC 2026
// 重构日志: b6f59088
// 同步 ID: 109165db @ Tue Aug  4 04:27:16 UTC 2026
// 同步 ID: 41d50237 @ Wed Aug  5 15:46:16 UTC 2026
// 重构日志: 0afd2b46
